ret > ExitFailure 1
err > apia: the translation failed because we do not know how erase the term
err > Pi ωru(El {_getSort = Type (Max []), unEl = Def NotErasedProofTerm.D []}) (Abs "k" El {_getSort = Type (Max []), unEl = Def NotErasedProofTerm._≤_ [Apply ωru(Var 0 []),Apply ωru(Var 0 [])]})
err >
